
> isera-resume-builder@0.1.0 dev
> next dev

   ▲ Next.js 15.3.3
   - Local:        http://localhost:3000
   - Network:      http://192.168.1.140:3000
   - Environments: .env

 ✓ Starting...
 ✓ Ready in 1755ms
 ○ Compiling /middleware ...
 ✓ Compiled /middleware in 885ms (224 modules)
<w> [webpack.cache.PackFileCacheStrategy] Serializing big strings (123kiB) impacts deserialization performance (consider using Buffer instead and decode when needed)
 ○ Compiling / ...
 ✓ Compiled / in 6.2s (1350 modules)
 GET / 200 in 6852ms
 ✓ Compiled in 224ms (497 modules)
 ○ Compiling /resumes ...
 ✓ Compiled /resumes in 3.2s (2268 modules)
prisma:warn In production, we recommend using `prisma generate --no-engine` (See: `prisma generate --help`)
Resumes page - subscriptionLevel: pro_plus totalCount: 4 canCreate: true
 GET /resumes 200 in 7047ms
 ○ Compiling /editor ...
 ✓ Compiled /editor in 3s (3308 modules)
 GET /editor?lang=ar 200 in 3224ms
received values { language: 'ar', title: '', description: '' }
 POST /editor?lang=ar 200 in 1540ms
 GET /editor?lang=ar&resumeId=cmbr2gzc30000270w0k55099s 200 in 591ms
 GET /editor?lang=ar&resumeId=cmbr2gzc30000270w0k55099s&step=personal-info 200 in 574ms
AI Response: المسمى الوظيفي: مهندس برامجيات
الشركة: شركة ليلو الوطنية
من تأريخ: غير محدد
الى تأريخ: غير محدد
الوصف:
• قمت بتطوير تطبيقات برمجية متقدمة لتحسين تجربة المستخدم وتسهيل عمليات الشركة.
• شاركت في تصميم وتنفيذ نظام إدارة قواعد البيانات الذي ساهم في تحسين كفاءة استخدام البيانات.
• قادت فريقًا تقنيًا في تطوير حلول مبتكرة مبنية على أحدث التقنيات لتعزيز أداء الشركة.
• نفذت استراتيجيات اختبار شاملة لتحسين جودة البرمجيات وضمان توافقها مع متطلبات العملاء.
Extracted: {
  extractedPosition: 'مهندس برامجيات',
  extractedCompany: 'شركة ليلو الوطنية',
  extractedDescription: '• قمت بتطوير تطبيقات برمجية متقدمة لتحسين تجربة المستخدم وتسهيل عمليات الشركة.\n' +
    '• شاركت في تصميم وتنفيذ نظام إدارة قواعد البيانات الذي ساهم في تحسين كفاءة استخدام البيانات.\n' +
    '• قادت فريقًا تقنيًا في تطوير حلول مبتكرة مبنية على أحدث التقنيات لتعزيز أداء الشركة.\n' +
    '• نفذت استراتيجيات اختبار شاملة لتحسين جودة البرمجيات وضمان توافقها مع متطلبات العملاء.',
  extractedStartDate: undefined,
  extractedEndDate: undefined
}
 POST /editor?lang=ar&resumeId=cmbr2gzc30000270w0k55099s&step=work-experience 200 in 4493ms
 ✓ Compiled in 1100ms (3322 modules)
 GET /editor?lang=ar&resumeId=cmbr2gzc30000270w0k55099s&step=work-experience 200 in 269ms
 ✓ Compiled in 662ms (3322 modules)
 GET /editor?lang=ar&resumeId=cmbr2gzc30000270w0k55099s&step=work-experience 200 in 303ms
 ✓ Compiled in 612ms (3322 modules)
 GET /editor?lang=ar&resumeId=cmbr2gzc30000270w0k55099s&step=work-experience 200 in 144ms
 ✓ Compiled in 576ms (3322 modules)
 GET /editor?lang=ar&resumeId=cmbr2gzc30000270w0k55099s&step=work-experience 200 in 142ms
 ✓ Compiled in 569ms (3322 modules)
 GET /editor?lang=ar&resumeId=cmbr2gzc30000270w0k55099s&step=work-experience 200 in 144ms
 ○ Compiling /_not-found ...
 ✓ Compiled /_not-found in 2.1s (3326 modules)
 GET /editor?lang=ar&resumeId=cmbr2gzc30000270w0k55099s&step=work-experience 404 in 2604ms
 GET /_next/static/css/app/layout.css?v=1749611569414 404 in 122ms
 GET /_next/static/chunks/app-pages-internals.js 404 in 143ms
 GET /_next/static/chunks/main-app.js?v=1749611569414 404 in 148ms
 ⨯ [Error: ENOENT: no such file or directory, open '/Users/mustafahussein/nextjs-15-ai-resume-builder/.next/server/app/page.js'] {
  errno: -2,
  code: 'ENOENT',
  syscall: 'open',
  path: '/Users/mustafahussein/nextjs-15-ai-resume-builder/.next/server/app/page.js',
  page: '/'
}
 ○ Compiling /_error ...
 ✓ Compiled /_error in 1659ms (3642 modules)
 HEAD / 500 in 2224ms
 GET / 200 in 421ms
 GET /_next/static/css/app/layout.css?v=1749611624945 404 in 67ms
 GET /_next/static/chunks/main-app.js?v=1749611624945 404 in 216ms
 GET /_next/static/chunks/app/page.js 404 in 209ms
 GET /_next/static/chunks/app-pages-internals.js 404 in 213ms
 GET / 200 in 74ms
 GET /_next/static/css/app/layout.css?v=1749611648041 404 in 41ms
 GET /_next/static/chunks/app-pages-internals.js 404 in 144ms
 GET /_next/static/chunks/main-app.js?v=1749611648041 404 in 146ms
 GET /_next/static/chunks/app/page.js 404 in 142ms
 GET / 200 in 133ms
 GET /_next/static/css/app/layout.css?v=1749611679075 404 in 49ms
 GET /_next/static/chunks/main-app.js?v=1749611679075 404 in 210ms
 GET /_next/static/chunks/app-pages-internals.js 404 in 206ms
 GET /_next/static/chunks/app/page.js 404 in 204ms
 GET / 200 in 73ms
 GET /_next/static/css/app/layout.css?v=1749611738238 404 in 45ms
 GET /_next/static/chunks/app/page.js 404 in 320ms
 GET /_next/static/chunks/app-pages-internals.js 404 in 337ms
 GET /_next/static/chunks/main-app.js?v=1749611738238 404 in 343ms
 GET / 200 in 49ms
 GET /_next/static/css/app/layout.css?v=1749611743205 404 in 69ms
 GET /_next/static/chunks/app/page.js 404 in 230ms
 GET /_next/static/chunks/main-app.js?v=1749611743205 404 in 232ms
 GET /_next/static/chunks/app-pages-internals.js 404 in 231ms
 GET /_next/static/css/app/layout.css?v=1749611745580 404 in 74ms
 GET /_next/static/chunks/main-app.js?v=1749611745580 404 in 94ms
 GET /_next/static/chunks/app-pages-internals.js 404 in 92ms
Resumes page - subscriptionLevel: pro_plus totalCount: 5 canCreate: true
 GET /resumes 200 in 4290ms
 GET /_next/static/chunks/app/(main)/layout.js 404 in 225ms
 GET /_next/static/chunks/app/(main)/resumes/page.js 404 in 68ms
 ✓ Compiled in 1110ms (3609 modules)
 ✓ Compiled in 2.8s (3609 modules)
 ✓ Compiled in 612ms (3609 modules)
 ○ Compiling /_not-found ...
 ✓ Compiled /_not-found in 1239ms (3599 modules)
 ⨯ Error: ENOENT: no such file or directory, open '/Users/mustafahussein/nextjs-15-ai-resume-builder/.next/server/vendor-chunks/next.js'
    at __webpack_require__.f.require (.next/server/webpack-runtime.js:208:28)
    at <unknown> (.next/server/webpack-runtime.js:116:40)
    at Array.reduce (<anonymous>)
    at __webpack_require__.e (.next/server/webpack-runtime.js:115:67)
    at Array.map (<anonymous>)
    at __webpack_require__.X (.next/server/webpack-runtime.js:167:22)
    at <unknown> (.next/server/app/_not-found/page.js:313:47)
    at Object.<anonymous> (.next/server/app/_not-found/page.js:316:3) {
  errno: -2,
  code: 'ENOENT',
  syscall: 'open',
  path: '/Users/mustafahussein/nextjs-15-ai-resume-builder/.next/server/vendor-chunks/next.js'
}
 ○ Compiling /_error ...
 ✓ Compiled /_error in 803ms (3642 modules)
 ✓ Compiled in 3.8s (3609 modules)
 ✓ Compiled in 613ms (3609 modules)
 ✓ Compiled in 813ms (3609 modules)
 ✓ Compiled in 567ms (3609 modules)
 ✓ Compiled in 219ms (1408 modules)
 ✓ Compiled in 222ms (1408 modules)
 ✓ Compiled in 211ms (1408 modules)
 ✓ Compiled in 199ms (1408 modules)
 ✓ Compiled in 1361ms (3609 modules)
<w> [webpack.cache.PackFileCacheStrategy] Caching failed for pack: Error: ENOENT: no such file or directory, rename '/Users/mustafahussein/nextjs-15-ai-resume-builder/.next/cache/webpack/client-development/3.pack.gz_' -> '/Users/mustafahussein/nextjs-15-ai-resume-builder/.next/cache/webpack/client-development/3.pack.gz'
 ✓ Compiled in 1046ms (3611 modules)
 ✓ Compiled in 571ms (3611 modules)
 ✓ Compiled in 227ms (1409 modules)
 ✓ Compiled in 202ms (1409 modules)
 ✓ Compiled in 236ms (1409 modules)
 ✓ Compiled in 271ms (1409 modules)
 ✓ Compiled in 251ms (1409 modules)
 ✓ Compiled in 211ms (1409 modules)
<w> [webpack.cache.PackFileCacheStrategy] Caching failed for pack: Error: ENOENT: no such file or directory, rename '/Users/mustafahussein/nextjs-15-ai-resume-builder/.next/cache/webpack/client-development/0.pack.gz_' -> '/Users/mustafahussein/nextjs-15-ai-resume-builder/.next/cache/webpack/client-development/0.pack.gz'
 ✓ Compiled in 1222ms (3597 modules)
 ✓ Compiled in 1825ms (3597 modules)
 ✓ Compiled in 1038ms (3611 modules)
<w> [webpack.cache.PackFileCacheStrategy] Caching failed for pack: Error: ENOENT: no such file or directory, rename '/Users/mustafahussein/nextjs-15-ai-resume-builder/.next/cache/webpack/client-development/1.pack.gz_' -> '/Users/mustafahussein/nextjs-15-ai-resume-builder/.next/cache/webpack/client-development/1.pack.gz'
 ✓ Compiled in 1258ms (3611 modules)
<w> [webpack.cache.PackFileCacheStrategy] Caching failed for pack: Error: ENOENT: no such file or directory, rename '/Users/mustafahussein/nextjs-15-ai-resume-builder/.next/cache/webpack/client-development/0.pack.gz_' -> '/Users/mustafahussein/nextjs-15-ai-resume-builder/.next/cache/webpack/client-development/0.pack.gz'
 ✓ Compiled in 1626ms (3611 modules)
 ✓ Compiled in 1791ms (3611 modules)
<w> [webpack.cache.PackFileCacheStrategy] Caching failed for pack: Error: ENOENT: no such file or directory, rename '/Users/mustafahussein/nextjs-15-ai-resume-builder/.next/cache/webpack/client-development/0.pack.gz_' -> '/Users/mustafahussein/nextjs-15-ai-resume-builder/.next/cache/webpack/client-development/0.pack.gz'
 ✓ Compiled in 906ms (3611 modules)
 ✓ Compiled in 740ms (3611 modules)
 ✓ Compiled in 812ms (3611 modules)
 ✓ Compiled in 742ms (3611 modules)
 ✓ Compiled in 1056ms (3611 modules)
 ✓ Compiled in 977ms (3611 modules)
 ✓ Compiled in 5.3s (3611 modules)
<w> [webpack.cache.PackFileCacheStrategy] Caching failed for pack: Error: ENOENT: no such file or directory, rename '/Users/mustafahussein/nextjs-15-ai-resume-builder/.next/cache/webpack/client-development/1.pack.gz_' -> '/Users/mustafahussein/nextjs-15-ai-resume-builder/.next/cache/webpack/client-development/1.pack.gz'
 ✓ Compiled in 2.3s (1409 modules)
 ✓ Compiled in 4s (3597 modules)
 ✓ Compiled in 1652ms (3597 modules)
 ✓ Compiled in 323ms (1409 modules)
 ✓ Compiled in 726ms (3611 modules)
 ✓ Compiled in 702ms (3617 modules)
 ✓ Compiled in 1386ms (3617 modules)
 ✓ Compiled in 657ms (3617 modules)
 ✓ Compiled in 847ms (3617 modules)
 ✓ Compiled in 1015ms (3617 modules)
 ✓ Compiled in 650ms (3617 modules)
 ✓ Compiled in 612ms (3617 modules)
 ✓ Compiled in 672ms (3617 modules)
 ✓ Compiled in 710ms (3617 modules)
 ○ Compiling /_not-found ...
 ✓ Compiled /_not-found in 845ms (3607 modules)
 ⨯ Error: ENOENT: no such file or directory, open '/Users/mustafahussein/nextjs-15-ai-resume-builder/.next/server/vendor-chunks/next.js'
    at __webpack_require__.f.require (.next/server/webpack-runtime.js:208:28)
    at <unknown> (.next/server/webpack-runtime.js:116:40)
    at Array.reduce (<anonymous>)
    at __webpack_require__.e (.next/server/webpack-runtime.js:115:67)
    at Array.map (<anonymous>)
    at __webpack_require__.X (.next/server/webpack-runtime.js:167:22)
    at <unknown> (.next/server/app/_not-found/page.js:313:47)
    at Object.<anonymous> (.next/server/app/_not-found/page.js:316:3) {
  errno: -2,
  code: 'ENOENT',
  syscall: 'open',
  path: '/Users/mustafahussein/nextjs-15-ai-resume-builder/.next/server/vendor-chunks/next.js'
}
 ○ Compiling /_error ...
 ✓ Compiled /_error in 556ms (3650 modules)
 GET / 500 in 1507ms
<w> [webpack.cache.PackFileCacheStrategy] Caching failed for pack: Error: invalid literal/length/distance code
[?25h
